// Jest Snapshot v1, https://goo.gl/fbAQLP

exports[`components/integrations/InstalledIncomingWebhook should match snapshot 1`] = `
<div
  className="backstage-list__item"
  onMouseOut={[Function]}
  onMouseOver={[Function]}
>
  <div
    className="item-details"
  >
    <div
      className="item-details__row d-flex flex-column flex-md-row justify-content-between"
    >
      <strong
        className="item-details__name"
      >
        build
      </strong>
      <div
        className="item-actions"
      >
        <Toggle
          disabled={false}
          onToggle={[Function]}
          size="btn-sm"
          toggled={true}
        />
      </div>
    </div>
    <div
      className="item-details__row"
    >
      <span
        className="item-details__description"
      >
        build status
      </span>
    </div>
    <div
      className="item-details__row"
    >
      <span
        className="item-details__url word-break--all"
      >
        <MemoizedFormattedMessage
          defaultMessage="URL: {url}"
          id="installed_integrations.url"
          values={
            Object {
              "url": "http://localhost:8065/hooks/9w96t4nhbfdiij64wfqors4i1r",
            }
          }
        />
        <span>
          <CopyText
            defaultMessage="Copy"
            idMessage="integrations.copy"
            value="http://localhost:8065/hooks/9w96t4nhbfdiij64wfqors4i1r"
          />
        </span>
      </span>
    </div>
    <div
      className="item-details__row"
    >
      <span
        className="item-details__creation"
      >
        <MemoizedFormattedMessage
          defaultMessage="Created by {creator} on {createAt, date, full}"
          id="installed_integrations.creation"
          values={
            Object {
              "createAt": 1502455422406,
              "creator": "creator",
            }
          }
        />
      </span>
    </div>
  </div>
</div>
`;
